// Jest Snapshot v1, https://goo.gl/fbAQLP

exports[`<CurrentWeatherIndicator/> on page load should render correctly with default properties 1`] = `
ShallowWrapper {
  "length": 1,
  Symbol(enzyme.__root__): [Circular],
  Symbol(enzyme.__unrendered__): <CurrentWeatherIndicator
    currentHourlyForecast={
        HourlyForecast {
            "dateTime": undefined,
            "humidity": "undefined %",
            "isDaylight": undefined,
            "location": undefined,
            "temperature": 15,
            "text": "Sunny",
            "uvIndex": undefined,
            "windSpeed": "6 km/h",
          }
    }
    isLoading={true}
/>,
  Symbol(enzyme.__renderer__): Object {
    "batchedUpdates": [Function],
    "getNode": [Function],
    "render": [Function],
    "simulateEvent": [Function],
    "unmount": [Function],
  },
  Symbol(enzyme.__node__): Object {
    "instance": null,
    "key": undefined,
    "nodeType": "class",
    "props": Object {
      "children": <div
        className="current-weather-indicator-container"
>
        <WithStyles(Typography)
                className="current-temperature"
                variant="display4"
        >
                15
        </WithStyles(Typography)>
        <WithStyles(Typography)
                className="weather-description"
                gutterBottom={true}
                variant="headline"
        >
                Sunny
        </WithStyles(Typography)>
</div>,
      "in": false,
    },
    "ref": null,
    "rendered": Object {
      "instance": null,
      "key": undefined,
      "nodeType": "host",
      "props": Object {
        "children": Array [
          <WithStyles(Typography)
            className="current-temperature"
            variant="display4"
>
            15
</WithStyles(Typography)>,
          <WithStyles(Typography)
            className="weather-description"
            gutterBottom={true}
            variant="headline"
>
            Sunny
</WithStyles(Typography)>,
        ],
        "className": "current-weather-indicator-container",
      },
      "ref": null,
      "rendered": Array [
        Object {
          "instance": null,
          "key": undefined,
          "nodeType": "class",
          "props": Object {
            "children": 15,
            "className": "current-temperature",
            "variant": "display4",
          },
          "ref": null,
          "rendered": 15,
          "type": [Function],
        },
        Object {
          "instance": null,
          "key": undefined,
          "nodeType": "class",
          "props": Object {
            "children": "Sunny",
            "className": "weather-description",
            "gutterBottom": true,
            "variant": "headline",
          },
          "ref": null,
          "rendered": "Sunny",
          "type": [Function],
        },
      ],
      "type": "div",
    },
    "type": [Function],
  },
  Symbol(enzyme.__nodes__): Array [
    Object {
      "instance": null,
      "key": undefined,
      "nodeType": "class",
      "props": Object {
        "children": <div
          className="current-weather-indicator-container"
>
          <WithStyles(Typography)
                    className="current-temperature"
                    variant="display4"
          >
                    15
          </WithStyles(Typography)>
          <WithStyles(Typography)
                    className="weather-description"
                    gutterBottom={true}
                    variant="headline"
          >
                    Sunny
          </WithStyles(Typography)>
</div>,
        "in": false,
      },
      "ref": null,
      "rendered": Object {
        "instance": null,
        "key": undefined,
        "nodeType": "host",
        "props": Object {
          "children": Array [
            <WithStyles(Typography)
              className="current-temperature"
              variant="display4"
>
              15
</WithStyles(Typography)>,
            <WithStyles(Typography)
              className="weather-description"
              gutterBottom={true}
              variant="headline"
>
              Sunny
</WithStyles(Typography)>,
          ],
          "className": "current-weather-indicator-container",
        },
        "ref": null,
        "rendered": Array [
          Object {
            "instance": null,
            "key": undefined,
            "nodeType": "class",
            "props": Object {
              "children": 15,
              "className": "current-temperature",
              "variant": "display4",
            },
            "ref": null,
            "rendered": 15,
            "type": [Function],
          },
          Object {
            "instance": null,
            "key": undefined,
            "nodeType": "class",
            "props": Object {
              "children": "Sunny",
              "className": "weather-description",
              "gutterBottom": true,
              "variant": "headline",
            },
            "ref": null,
            "rendered": "Sunny",
            "type": [Function],
          },
        ],
        "type": "div",
      },
      "type": [Function],
    },
  ],
  Symbol(enzyme.__options__): Object {
    "adapter": ReactSixteenAdapter {
      "options": Object {
        "enableComponentDidUpdateOnSetState": true,
      },
    },
  },
}
`;
