// Jest Snapshot v1, https://goo.gl/fbAQLP

exports[`<WeatherForecastList/> on page load should render correctly 1`] = `
ShallowWrapper {
  "length": 1,
  Symbol(enzyme.__root__): [Circular],
  Symbol(enzyme.__unrendered__): <WeatherForecastList
    weatherForecasts={
        Array [
            DailyForecast {
              "dayOfWeek": "Sat",
              "high": 15,
              "low": 9,
              "text": "Sunny",
            },
          ]
    }
/>,
  Symbol(enzyme.__renderer__): Object {
    "batchedUpdates": [Function],
    "getNode": [Function],
    "render": [Function],
    "simulateEvent": [Function],
    "unmount": [Function],
  },
  Symbol(enzyme.__node__): Object {
    "instance": null,
    "key": undefined,
    "nodeType": "class",
    "props": Object {
      "children": Array [
        <WithStyles(Grid)
          item={true}
          xs={true}
>
          <WeatherForecastItem
                    forecastItem={
                              DailyForecast {
                                        "dayOfWeek": "Sat",
                                        "high": 15,
                                        "low": 9,
                                        "text": "Sunny",
                                      }
                    }
          />
</WithStyles(Grid)>,
      ],
      "className": "weather-forecast-items-container",
      "container": true,
    },
    "ref": null,
    "rendered": Array [
      Object {
        "instance": null,
        "key": "0",
        "nodeType": "class",
        "props": Object {
          "children": <WeatherForecastItem
            forecastItem={
                        DailyForecast {
                                    "dayOfWeek": "Sat",
                                    "high": 15,
                                    "low": 9,
                                    "text": "Sunny",
                                  }
            }
/>,
          "item": true,
          "xs": true,
        },
        "ref": null,
        "rendered": Object {
          "instance": null,
          "key": undefined,
          "nodeType": "function",
          "props": Object {
            "forecastItem": DailyForecast {
              "dayOfWeek": "Sat",
              "high": 15,
              "low": 9,
              "text": "Sunny",
            },
          },
          "ref": null,
          "rendered": null,
          "type": [Function],
        },
        "type": [Function],
      },
    ],
    "type": [Function],
  },
  Symbol(enzyme.__nodes__): Array [
    Object {
      "instance": null,
      "key": undefined,
      "nodeType": "class",
      "props": Object {
        "children": Array [
          <WithStyles(Grid)
            item={true}
            xs={true}
>
            <WeatherForecastItem
                        forecastItem={
                                    DailyForecast {
                                                "dayOfWeek": "Sat",
                                                "high": 15,
                                                "low": 9,
                                                "text": "Sunny",
                                              }
                        }
            />
</WithStyles(Grid)>,
        ],
        "className": "weather-forecast-items-container",
        "container": true,
      },
      "ref": null,
      "rendered": Array [
        Object {
          "instance": null,
          "key": "0",
          "nodeType": "class",
          "props": Object {
            "children": <WeatherForecastItem
              forecastItem={
                            DailyForecast {
                                          "dayOfWeek": "Sat",
                                          "high": 15,
                                          "low": 9,
                                          "text": "Sunny",
                                        }
              }
/>,
            "item": true,
            "xs": true,
          },
          "ref": null,
          "rendered": Object {
            "instance": null,
            "key": undefined,
            "nodeType": "function",
            "props": Object {
              "forecastItem": DailyForecast {
                "dayOfWeek": "Sat",
                "high": 15,
                "low": 9,
                "text": "Sunny",
              },
            },
            "ref": null,
            "rendered": null,
            "type": [Function],
          },
          "type": [Function],
        },
      ],
      "type": [Function],
    },
  ],
  Symbol(enzyme.__options__): Object {
    "adapter": ReactSixteenAdapter {
      "options": Object {
        "enableComponentDidUpdateOnSetState": true,
      },
    },
  },
}
`;
