// Jest Snapshot v1, https://goo.gl/fbAQLP

exports[`<WeatherChart/> on page load should render correctly 1`] = `
ShallowWrapper {
  "length": 1,
  Symbol(enzyme.__root__): [Circular],
  Symbol(enzyme.__unrendered__): <WeatherChart
    hourlyForecasts={
        Array [
            HourlyForecast {
              "dateTime": undefined,
              "humidity": "undefined %",
              "isDaylight": undefined,
              "location": undefined,
              "temperature": 15,
              "text": "Sunny",
              "uvIndex": undefined,
              "windSpeed": "6 km/h",
            },
          ]
    }
    isLoading={true}
/>,
  Symbol(enzyme.__renderer__): Object {
    "batchedUpdates": [Function],
    "getNode": [Function],
    "render": [Function],
    "simulateEvent": [Function],
    "unmount": [Function],
  },
  Symbol(enzyme.__node__): Object {
    "instance": null,
    "key": undefined,
    "nodeType": "class",
    "props": Object {
      "children": <div
        className="weather-chart"
>
        <Unknown
                highcharts={[Function]}
                options={
                        Object {
                                "chart": Object {
                                  "backgroundColor": null,
                                  "height": "180px",
                                },
                                "plotOptions": Object {
                                  "series": Object {
                                    "marker": Object {
                                      "enabled": false,
                                    },
                                    "showInLegend": false,
                                  },
                                },
                                "responsive": Object {
                                  "rules": Array [
                                    Object {
                                      "condition": Object {
                                        "maxHeight": 1,
                                      },
                                    },
                                  ],
                                },
                                "series": Array [
                                  Object {
                                    "color": "#fff",
                                    "data": Array [
                                      15,
                                    ],
                                    "type": "spline",
                                  },
                                ],
                                "title": Object {
                                  "text": null,
                                },
                                "tooltip": Object {
                                  "enabled": false,
                                },
                                "xAxis": Object {
                                  "visible": false,
                                },
                                "yAxis": Object {
                                  "visible": false,
                                },
                              }
                }
        />
</div>,
      "in": false,
    },
    "ref": null,
    "rendered": Object {
      "instance": null,
      "key": undefined,
      "nodeType": "host",
      "props": Object {
        "children": <Unknown
          highcharts={[Function]}
          options={
                    Object {
                              "chart": Object {
                                "backgroundColor": null,
                                "height": "180px",
                              },
                              "plotOptions": Object {
                                "series": Object {
                                  "marker": Object {
                                    "enabled": false,
                                  },
                                  "showInLegend": false,
                                },
                              },
                              "responsive": Object {
                                "rules": Array [
                                  Object {
                                    "condition": Object {
                                      "maxHeight": 1,
                                    },
                                  },
                                ],
                              },
                              "series": Array [
                                Object {
                                  "color": "#fff",
                                  "data": Array [
                                    15,
                                  ],
                                  "type": "spline",
                                },
                              ],
                              "title": Object {
                                "text": null,
                              },
                              "tooltip": Object {
                                "enabled": false,
                              },
                              "xAxis": Object {
                                "visible": false,
                              },
                              "yAxis": Object {
                                "visible": false,
                              },
                            }
          }
/>,
        "className": "weather-chart",
      },
      "ref": null,
      "rendered": Object {
        "instance": null,
        "key": undefined,
        "nodeType": "class",
        "props": Object {
          "highcharts": [Function],
          "options": Object {
            "chart": Object {
              "backgroundColor": null,
              "height": "180px",
            },
            "plotOptions": Object {
              "series": Object {
                "marker": Object {
                  "enabled": false,
                },
                "showInLegend": false,
              },
            },
            "responsive": Object {
              "rules": Array [
                Object {
                  "condition": Object {
                    "maxHeight": 1,
                  },
                },
              ],
            },
            "series": Array [
              Object {
                "color": "#fff",
                "data": Array [
                  15,
                ],
                "type": "spline",
              },
            ],
            "title": Object {
              "text": null,
            },
            "tooltip": Object {
              "enabled": false,
            },
            "xAxis": Object {
              "visible": false,
            },
            "yAxis": Object {
              "visible": false,
            },
          },
        },
        "ref": null,
        "rendered": null,
        "type": [Function],
      },
      "type": "div",
    },
    "type": [Function],
  },
  Symbol(enzyme.__nodes__): Array [
    Object {
      "instance": null,
      "key": undefined,
      "nodeType": "class",
      "props": Object {
        "children": <div
          className="weather-chart"
>
          <Unknown
                    highcharts={[Function]}
                    options={
                              Object {
                                        "chart": Object {
                                          "backgroundColor": null,
                                          "height": "180px",
                                        },
                                        "plotOptions": Object {
                                          "series": Object {
                                            "marker": Object {
                                              "enabled": false,
                                            },
                                            "showInLegend": false,
                                          },
                                        },
                                        "responsive": Object {
                                          "rules": Array [
                                            Object {
                                              "condition": Object {
                                                "maxHeight": 1,
                                              },
                                            },
                                          ],
                                        },
                                        "series": Array [
                                          Object {
                                            "color": "#fff",
                                            "data": Array [
                                              15,
                                            ],
                                            "type": "spline",
                                          },
                                        ],
                                        "title": Object {
                                          "text": null,
                                        },
                                        "tooltip": Object {
                                          "enabled": false,
                                        },
                                        "xAxis": Object {
                                          "visible": false,
                                        },
                                        "yAxis": Object {
                                          "visible": false,
                                        },
                                      }
                    }
          />
</div>,
        "in": false,
      },
      "ref": null,
      "rendered": Object {
        "instance": null,
        "key": undefined,
        "nodeType": "host",
        "props": Object {
          "children": <Unknown
            highcharts={[Function]}
            options={
                        Object {
                                    "chart": Object {
                                      "backgroundColor": null,
                                      "height": "180px",
                                    },
                                    "plotOptions": Object {
                                      "series": Object {
                                        "marker": Object {
                                          "enabled": false,
                                        },
                                        "showInLegend": false,
                                      },
                                    },
                                    "responsive": Object {
                                      "rules": Array [
                                        Object {
                                          "condition": Object {
                                            "maxHeight": 1,
                                          },
                                        },
                                      ],
                                    },
                                    "series": Array [
                                      Object {
                                        "color": "#fff",
                                        "data": Array [
                                          15,
                                        ],
                                        "type": "spline",
                                      },
                                    ],
                                    "title": Object {
                                      "text": null,
                                    },
                                    "tooltip": Object {
                                      "enabled": false,
                                    },
                                    "xAxis": Object {
                                      "visible": false,
                                    },
                                    "yAxis": Object {
                                      "visible": false,
                                    },
                                  }
            }
/>,
          "className": "weather-chart",
        },
        "ref": null,
        "rendered": Object {
          "instance": null,
          "key": undefined,
          "nodeType": "class",
          "props": Object {
            "highcharts": [Function],
            "options": Object {
              "chart": Object {
                "backgroundColor": null,
                "height": "180px",
              },
              "plotOptions": Object {
                "series": Object {
                  "marker": Object {
                    "enabled": false,
                  },
                  "showInLegend": false,
                },
              },
              "responsive": Object {
                "rules": Array [
                  Object {
                    "condition": Object {
                      "maxHeight": 1,
                    },
                  },
                ],
              },
              "series": Array [
                Object {
                  "color": "#fff",
                  "data": Array [
                    15,
                  ],
                  "type": "spline",
                },
              ],
              "title": Object {
                "text": null,
              },
              "tooltip": Object {
                "enabled": false,
              },
              "xAxis": Object {
                "visible": false,
              },
              "yAxis": Object {
                "visible": false,
              },
            },
          },
          "ref": null,
          "rendered": null,
          "type": [Function],
        },
        "type": "div",
      },
      "type": [Function],
    },
  ],
  Symbol(enzyme.__options__): Object {
    "adapter": ReactSixteenAdapter {
      "options": Object {
        "enableComponentDidUpdateOnSetState": true,
      },
    },
  },
}
`;
