// Jest Snapshot v1, https://goo.gl/fbAQLP

exports[`<LocationSearch/> on page load should render correctly 1`] = `
ShallowWrapper {
  "length": 1,
  Symbol(enzyme.__root__): [Circular],
  Symbol(enzyme.__unrendered__): <LocationSearch
    classes={Object {}}
    currentLocation={
        Location {
            "city": "San Francisco",
            "country": "USA",
            "key": "123",
            "region": "CA",
          }
    }
    onLocationSelected={[Function]}
/>,
  Symbol(enzyme.__renderer__): Object {
    "batchedUpdates": [Function],
    "getNode": [Function],
    "render": [Function],
    "simulateEvent": [Function],
    "unmount": [Function],
  },
  Symbol(enzyme.__node__): Object {
    "instance": null,
    "key": undefined,
    "nodeType": "class",
    "props": Object {
      "autoload": true,
      "cache": Object {},
      "children": [Function],
      "className": "async-select",
      "ignoreAccents": true,
      "ignoreCase": true,
      "loadOptions": [Function],
      "loadingPlaceholder": "Loading...",
      "name": "location",
      "onChange": [Function],
      "options": Array [],
      "searchPromptText": "Type to search",
      "value": Object {
        "label": "San Francisco, USA",
        "value": "123",
      },
      "valueComponent": [Function],
    },
    "ref": null,
    "rendered": [Function],
    "type": [Function],
  },
  Symbol(enzyme.__nodes__): Array [
    Object {
      "instance": null,
      "key": undefined,
      "nodeType": "class",
      "props": Object {
        "autoload": true,
        "cache": Object {},
        "children": [Function],
        "className": "async-select",
        "ignoreAccents": true,
        "ignoreCase": true,
        "loadOptions": [Function],
        "loadingPlaceholder": "Loading...",
        "name": "location",
        "onChange": [Function],
        "options": Array [],
        "searchPromptText": "Type to search",
        "value": Object {
          "label": "San Francisco, USA",
          "value": "123",
        },
        "valueComponent": [Function],
      },
      "ref": null,
      "rendered": [Function],
      "type": [Function],
    },
  ],
  Symbol(enzyme.__options__): Object {
    "adapter": ReactSixteenAdapter {
      "options": Object {
        "enableComponentDidUpdateOnSetState": true,
      },
    },
  },
}
`;
