// Jest Snapshot v1, https://goo.gl/fbAQLP

exports[`<WeatherForecastItem/> on page load should render correctly 1`] = `
ShallowWrapper {
  "length": 1,
  Symbol(enzyme.__root__): [Circular],
  Symbol(enzyme.__unrendered__): <WeatherForecastItem
    forecastItem={
        DailyForecast {
            "dayOfWeek": "Sat",
            "high": 15,
            "low": 9,
            "text": "Sunny",
          }
    }
/>,
  Symbol(enzyme.__renderer__): Object {
    "batchedUpdates": [Function],
    "getNode": [Function],
    "render": [Function],
    "simulateEvent": [Function],
    "unmount": [Function],
  },
  Symbol(enzyme.__node__): Object {
    "instance": null,
    "key": undefined,
    "nodeType": "host",
    "props": Object {
      "children": Array [
        <WithStyles(Typography)
          variant="headline"
>
          <div
                    className="mock-icon"
          >
                    mock icon
          </div>
</WithStyles(Typography)>,
        <WithStyles(Typography)
          variant="subheading"
>
          15
</WithStyles(Typography)>,
        <WithStyles(Typography)
          className="forecast-low"
          variant="subheading"
>
          9
</WithStyles(Typography)>,
        <WithStyles(Typography)
          variant="subheading"
>
          Sat
</WithStyles(Typography)>,
      ],
    },
    "ref": null,
    "rendered": Array [
      Object {
        "instance": null,
        "key": undefined,
        "nodeType": "class",
        "props": Object {
          "children": <div
            className="mock-icon"
>
            mock icon
</div>,
          "variant": "headline",
        },
        "ref": null,
        "rendered": Object {
          "instance": null,
          "key": undefined,
          "nodeType": "host",
          "props": Object {
            "children": "mock icon",
            "className": "mock-icon",
          },
          "ref": null,
          "rendered": "mock icon",
          "type": "div",
        },
        "type": [Function],
      },
      Object {
        "instance": null,
        "key": undefined,
        "nodeType": "class",
        "props": Object {
          "children": 15,
          "variant": "subheading",
        },
        "ref": null,
        "rendered": 15,
        "type": [Function],
      },
      Object {
        "instance": null,
        "key": undefined,
        "nodeType": "class",
        "props": Object {
          "children": 9,
          "className": "forecast-low",
          "variant": "subheading",
        },
        "ref": null,
        "rendered": 9,
        "type": [Function],
      },
      Object {
        "instance": null,
        "key": undefined,
        "nodeType": "class",
        "props": Object {
          "children": "Sat",
          "variant": "subheading",
        },
        "ref": null,
        "rendered": "Sat",
        "type": [Function],
      },
    ],
    "type": "div",
  },
  Symbol(enzyme.__nodes__): Array [
    Object {
      "instance": null,
      "key": undefined,
      "nodeType": "host",
      "props": Object {
        "children": Array [
          <WithStyles(Typography)
            variant="headline"
>
            <div
                        className="mock-icon"
            >
                        mock icon
            </div>
</WithStyles(Typography)>,
          <WithStyles(Typography)
            variant="subheading"
>
            15
</WithStyles(Typography)>,
          <WithStyles(Typography)
            className="forecast-low"
            variant="subheading"
>
            9
</WithStyles(Typography)>,
          <WithStyles(Typography)
            variant="subheading"
>
            Sat
</WithStyles(Typography)>,
        ],
      },
      "ref": null,
      "rendered": Array [
        Object {
          "instance": null,
          "key": undefined,
          "nodeType": "class",
          "props": Object {
            "children": <div
              className="mock-icon"
>
              mock icon
</div>,
            "variant": "headline",
          },
          "ref": null,
          "rendered": Object {
            "instance": null,
            "key": undefined,
            "nodeType": "host",
            "props": Object {
              "children": "mock icon",
              "className": "mock-icon",
            },
            "ref": null,
            "rendered": "mock icon",
            "type": "div",
          },
          "type": [Function],
        },
        Object {
          "instance": null,
          "key": undefined,
          "nodeType": "class",
          "props": Object {
            "children": 15,
            "variant": "subheading",
          },
          "ref": null,
          "rendered": 15,
          "type": [Function],
        },
        Object {
          "instance": null,
          "key": undefined,
          "nodeType": "class",
          "props": Object {
            "children": 9,
            "className": "forecast-low",
            "variant": "subheading",
          },
          "ref": null,
          "rendered": 9,
          "type": [Function],
        },
        Object {
          "instance": null,
          "key": undefined,
          "nodeType": "class",
          "props": Object {
            "children": "Sat",
            "variant": "subheading",
          },
          "ref": null,
          "rendered": "Sat",
          "type": [Function],
        },
      ],
      "type": "div",
    },
  ],
  Symbol(enzyme.__options__): Object {
    "adapter": ReactSixteenAdapter {
      "options": Object {
        "enableComponentDidUpdateOnSetState": true,
      },
    },
  },
}
`;
